// Jest Snapshot v1, https://goo.gl/fbAQLP

exports[`expect to render card components 1`] = `ShallowWrapper {}`;
